###############################################################################
#
# IAR ELF Linker V8.40.1.212/W32 for ARM                  20/May/2020  14:05:21
# Copyright 2007-2019 IAR Systems AB.
#
#    Output file  =
#        E:\CUBEMX\OBD-MODULE\RE-OBD-MODULE\EWARM\RE-OBD-MODULE\Exe\RE-OBD-MODULE.out
#    Map file     =
#        E:\CUBEMX\OBD-MODULE\RE-OBD-MODULE\EWARM\RE-OBD-MODULE\List\RE-OBD-MODULE.map
#    Command line =
#        -f C:\Users\shalini\AppData\Local\Temp\EW22B2.tmp
#        (E:\CUBEMX\OBD-MODULE\RE-OBD-MODULE\EWARM\RE-OBD-MODULE\Obj\main.o
#        E:\CUBEMX\OBD-MODULE\RE-OBD-MODULE\EWARM\RE-OBD-MODULE\Obj\re_obd_battery1.o
#        E:\CUBEMX\OBD-MODULE\RE-OBD-MODULE\EWARM\RE-OBD-MODULE\Obj\re_obd_battery2.o
#        E:\CUBEMX\OBD-MODULE\RE-OBD-MODULE\EWARM\RE-OBD-MODULE\Obj\re_obd_battery3.o
#        E:\CUBEMX\OBD-MODULE\RE-OBD-MODULE\EWARM\RE-OBD-MODULE\Obj\re_obd_battery4.o
#        E:\CUBEMX\OBD-MODULE\RE-OBD-MODULE\EWARM\RE-OBD-MODULE\Obj\re_obd_check-reception.o
#        E:\CUBEMX\OBD-MODULE\RE-OBD-MODULE\EWARM\RE-OBD-MODULE\Obj\re_obd_gpio.o
#        E:\CUBEMX\OBD-MODULE\RE-OBD-MODULE\EWARM\RE-OBD-MODULE\Obj\re_obd_init.o
#        E:\CUBEMX\OBD-MODULE\RE-OBD-MODULE\EWARM\RE-OBD-MODULE\Obj\re_obd_isr.o
#        E:\CUBEMX\OBD-MODULE\RE-OBD-MODULE\EWARM\RE-OBD-MODULE\Obj\re_obd_latch.o
#        E:\CUBEMX\OBD-MODULE\RE-OBD-MODULE\EWARM\RE-OBD-MODULE\Obj\re_obd_modes.o
#        E:\CUBEMX\OBD-MODULE\RE-OBD-MODULE\EWARM\RE-OBD-MODULE\Obj\re_obd_sysclock.o
#        E:\CUBEMX\OBD-MODULE\RE-OBD-MODULE\EWARM\RE-OBD-MODULE\Obj\re_obd_test.o
#        E:\CUBEMX\OBD-MODULE\RE-OBD-MODULE\EWARM\RE-OBD-MODULE\Obj\re_obd_uart.o
#        E:\CUBEMX\OBD-MODULE\RE-OBD-MODULE\EWARM\RE-OBD-MODULE\Obj\re_obd_variables.o
#        E:\CUBEMX\OBD-MODULE\RE-OBD-MODULE\EWARM\RE-OBD-MODULE\Obj\startup_stm32f407xx.o
#        E:\CUBEMX\OBD-MODULE\RE-OBD-MODULE\EWARM\RE-OBD-MODULE\Obj\stm32f4xx_hal.o
#        E:\CUBEMX\OBD-MODULE\RE-OBD-MODULE\EWARM\RE-OBD-MODULE\Obj\stm32f4xx_hal_cortex.o
#        E:\CUBEMX\OBD-MODULE\RE-OBD-MODULE\EWARM\RE-OBD-MODULE\Obj\stm32f4xx_hal_dma.o
#        E:\CUBEMX\OBD-MODULE\RE-OBD-MODULE\EWARM\RE-OBD-MODULE\Obj\stm32f4xx_hal_dma_ex.o
#        E:\CUBEMX\OBD-MODULE\RE-OBD-MODULE\EWARM\RE-OBD-MODULE\Obj\stm32f4xx_hal_exti.o
#        E:\CUBEMX\OBD-MODULE\RE-OBD-MODULE\EWARM\RE-OBD-MODULE\Obj\stm32f4xx_hal_flash.o
#        E:\CUBEMX\OBD-MODULE\RE-OBD-MODULE\EWARM\RE-OBD-MODULE\Obj\stm32f4xx_hal_flash_ex.o
#        E:\CUBEMX\OBD-MODULE\RE-OBD-MODULE\EWARM\RE-OBD-MODULE\Obj\stm32f4xx_hal_flash_ramfunc.o
#        E:\CUBEMX\OBD-MODULE\RE-OBD-MODULE\EWARM\RE-OBD-MODULE\Obj\stm32f4xx_hal_gpio.o
#        E:\CUBEMX\OBD-MODULE\RE-OBD-MODULE\EWARM\RE-OBD-MODULE\Obj\stm32f4xx_hal_msp.o
#        E:\CUBEMX\OBD-MODULE\RE-OBD-MODULE\EWARM\RE-OBD-MODULE\Obj\stm32f4xx_hal_pwr.o
#        E:\CUBEMX\OBD-MODULE\RE-OBD-MODULE\EWARM\RE-OBD-MODULE\Obj\stm32f4xx_hal_pwr_ex.o
#        E:\CUBEMX\OBD-MODULE\RE-OBD-MODULE\EWARM\RE-OBD-MODULE\Obj\stm32f4xx_hal_rcc.o
#        E:\CUBEMX\OBD-MODULE\RE-OBD-MODULE\EWARM\RE-OBD-MODULE\Obj\stm32f4xx_hal_rcc_ex.o
#        E:\CUBEMX\OBD-MODULE\RE-OBD-MODULE\EWARM\RE-OBD-MODULE\Obj\stm32f4xx_hal_tim.o
#        E:\CUBEMX\OBD-MODULE\RE-OBD-MODULE\EWARM\RE-OBD-MODULE\Obj\stm32f4xx_hal_tim_ex.o
#        E:\CUBEMX\OBD-MODULE\RE-OBD-MODULE\EWARM\RE-OBD-MODULE\Obj\stm32f4xx_hal_uart.o
#        E:\CUBEMX\OBD-MODULE\RE-OBD-MODULE\EWARM\RE-OBD-MODULE\Obj\stm32f4xx_it.o
#        E:\CUBEMX\OBD-MODULE\RE-OBD-MODULE\EWARM\RE-OBD-MODULE\Obj\system_stm32f4xx.o
#        --redirect _Printf=_PrintfFull --redirect _Scanf=_ScanfFull
#        --no_out_extension -o
#        E:\CUBEMX\OBD-MODULE\RE-OBD-MODULE\EWARM\RE-OBD-MODULE\Exe\RE-OBD-MODULE.out
#        --map
#        E:\CUBEMX\OBD-MODULE\RE-OBD-MODULE\EWARM\RE-OBD-MODULE\List\RE-OBD-MODULE.map
#        --config
#        E:\CUBEMX\OBD-MODULE\RE-OBD-MODULE\EWARM/stm32f407xx_flash.icf
#        --semihosting --entry __iar_program_start --vfe --text_out locale)
#
###############################################################################

*******************************************************************************
*** RUNTIME MODEL ATTRIBUTES
***

CppFlavor       = *
__SystemLibrary = DLib
__dlib_version  = 6


*******************************************************************************
*** HEAP SELECTION
***

The basic heap was selected because no calls to memory allocation
functions were found in the application outside of system library
functions, and there are calls to deallocation functions in the
application.


*******************************************************************************
*** PLACEMENT SUMMARY
***

"A0":  place at address 0x800'0000 { ro section .intvec };
"P1":  place in [from 0x800'0000 to 0x80f'ffff] { ro };
define block CSTACK with size = 1K, alignment = 8 { };
define block HEAP with size = 512, alignment = 8 { };
"P2":  place in [from 0x2000'0000 to 0x2001'ffff] {
          rw, block CSTACK, block HEAP };
initialize by copy { rw };

  Section            Kind         Address    Size  Object
  -------            ----         -------    ----  ------
"A0":                                       0x188
  .intvec            ro code   0x800'0000   0x188  startup_stm32f407xx.o [1]
                             - 0x800'0188   0x188

"P1":                                      0x1199
  .text              ro code   0x800'0188   0x310  stm32f4xx_hal_rcc.o [1]
  .text              ro code   0x800'0498     0xc  stm32f4xx_hal.o [1]
  .text              ro code   0x800'04a4   0x2c8  stm32f4xx_hal_uart.o [1]
  .text              ro code   0x800'076c   0x270  main.o [1]
  .text              ro code   0x800'09dc   0x1ac  stm32f4xx_hal_rcc.o [1]
  .text              ro code   0x800'0b88   0x106  I64DivMod_small.o [4]
  .text              ro code   0x800'0c90    0x34  stm32f4xx_hal.o [1]
  .text              ro code   0x800'0cc4    0x14  strlen_small.o [4]
  .text              ro code   0x800'0cd8     0x6  ABImemclr.o [4]
  .text              ro code   0x800'0ce0   0x1dc  stm32f4xx_hal_gpio.o [1]
  .text              ro code   0x800'0ebc     0x6  ABImemclr4.o [4]
  .text              ro code   0x800'0ec4    0xc4  stm32f4xx_hal_cortex.o [1]
  .text              ro code   0x800'0f88    0x10  stm32f4xx_hal.o [1]
  .text              ro code   0x800'0f98    0x40  stm32f4xx_hal.o [1]
  .text              ro code   0x800'0fd8     0x2  I64DivZer.o [4]
  .text              ro code   0x800'0fdc    0x5e  ABImemset.o [4]
  .text              ro code   0x800'103c    0x32  ABImemset48.o [4]
  .text              ro code   0x800'106e    0x38  packbits_init_single.o [4]
  .text              ro code   0x800'10a8    0x2c  system_stm32f4xx.o [1]
  .rodata            const     0x800'10d4    0x28  main.o [1]
  .text              ro code   0x800'10fc    0x28  data_init.o [4]
  .text              ro code   0x800'1124    0x22  fpinit_M.o [3]
  .iar.init_table    const     0x800'1148    0x10  - Linker created -
  .text              ro code   0x800'1158    0x1e  cmain.o [4]
  .text              ro code   0x800'1176     0x4  low_level_init.o [2]
  .text              ro code   0x800'117a     0x4  exit.o [2]
  .text              ro code   0x800'1180     0xa  cexit.o [4]
  .text              ro code   0x800'118c    0x14  exit.o [5]
  .text              ro code   0x800'11a0    0x10  startup_stm32f407xx.o [1]
  .text              ro code   0x800'11b0     0xc  cstartup_M.o [4]
  .rodata            const     0x800'11bc     0x8  system_stm32f4xx.o [1]
  .text              ro code   0x800'11c4     0x4  startup_stm32f407xx.o [1]
  .text              ro code   0x800'11c8     0x4  startup_stm32f407xx.o [1]
  .text              ro code   0x800'11cc     0x4  startup_stm32f407xx.o [1]
  .text              ro code   0x800'11d0     0x4  startup_stm32f407xx.o [1]
  .text              ro code   0x800'11d4     0x4  startup_stm32f407xx.o [1]
  .text              ro code   0x800'11d8     0x4  startup_stm32f407xx.o [1]
  .text              ro code   0x800'11dc     0x4  startup_stm32f407xx.o [1]
  .text              ro code   0x800'11e0     0x4  startup_stm32f407xx.o [1]
  .text              ro code   0x800'11e4     0x4  startup_stm32f407xx.o [1]
  .text              ro code   0x800'11e8     0x4  startup_stm32f407xx.o [1]
  .text              ro code   0x800'11ec     0x4  startup_stm32f407xx.o [1]
  .text              ro code   0x800'11f0     0x4  startup_stm32f407xx.o [1]
  .text              ro code   0x800'11f4     0x4  startup_stm32f407xx.o [1]
  .text              ro code   0x800'11f8     0x4  startup_stm32f407xx.o [1]
  .text              ro code   0x800'11fc     0x4  startup_stm32f407xx.o [1]
  .text              ro code   0x800'1200     0x4  startup_stm32f407xx.o [1]
  .text              ro code   0x800'1204     0x4  startup_stm32f407xx.o [1]
  .text              ro code   0x800'1208     0x4  startup_stm32f407xx.o [1]
  .text              ro code   0x800'120c     0x4  startup_stm32f407xx.o [1]
  .text              ro code   0x800'1210     0x4  startup_stm32f407xx.o [1]
  .text              ro code   0x800'1214     0x4  startup_stm32f407xx.o [1]
  .text              ro code   0x800'1218     0x4  startup_stm32f407xx.o [1]
  .text              ro code   0x800'121c     0x4  startup_stm32f407xx.o [1]
  .text              ro code   0x800'1220     0x4  startup_stm32f407xx.o [1]
  .text              ro code   0x800'1224     0x4  startup_stm32f407xx.o [1]
  .text              ro code   0x800'1228     0x4  startup_stm32f407xx.o [1]
  .text              ro code   0x800'122c     0x4  startup_stm32f407xx.o [1]
  .text              ro code   0x800'1230     0x4  startup_stm32f407xx.o [1]
  .text              ro code   0x800'1234     0x4  startup_stm32f407xx.o [1]
  .text              ro code   0x800'1238     0x4  startup_stm32f407xx.o [1]
  .text              ro code   0x800'123c     0x4  startup_stm32f407xx.o [1]
  .text              ro code   0x800'1240     0x4  startup_stm32f407xx.o [1]
  .text              ro code   0x800'1244     0x4  startup_stm32f407xx.o [1]
  .text              ro code   0x800'1248     0x4  startup_stm32f407xx.o [1]
  .text              ro code   0x800'124c     0x4  startup_stm32f407xx.o [1]
  .text              ro code   0x800'1250     0x4  startup_stm32f407xx.o [1]
  .text              ro code   0x800'1254     0x4  startup_stm32f407xx.o [1]
  .text              ro code   0x800'1258     0x4  startup_stm32f407xx.o [1]
  .text              ro code   0x800'125c     0x4  startup_stm32f407xx.o [1]
  .text              ro code   0x800'1260     0x4  startup_stm32f407xx.o [1]
  .text              ro code   0x800'1264     0x4  startup_stm32f407xx.o [1]
  .text              ro code   0x800'1268     0x4  startup_stm32f407xx.o [1]
  .text              ro code   0x800'126c     0x4  startup_stm32f407xx.o [1]
  .text              ro code   0x800'1270     0x4  startup_stm32f407xx.o [1]
  .text              ro code   0x800'1274     0x4  startup_stm32f407xx.o [1]
  .text              ro code   0x800'1278     0x4  startup_stm32f407xx.o [1]
  .text              ro code   0x800'127c     0x4  startup_stm32f407xx.o [1]
  .text              ro code   0x800'1280     0x4  startup_stm32f407xx.o [1]
  .text              ro code   0x800'1284     0x4  startup_stm32f407xx.o [1]
  .text              ro code   0x800'1288     0x4  startup_stm32f407xx.o [1]
  .text              ro code   0x800'128c     0x4  startup_stm32f407xx.o [1]
  .text              ro code   0x800'1290     0x4  startup_stm32f407xx.o [1]
  .text              ro code   0x800'1294     0x4  startup_stm32f407xx.o [1]
  .text              ro code   0x800'1298     0x4  startup_stm32f407xx.o [1]
  .text              ro code   0x800'129c     0x4  startup_stm32f407xx.o [1]
  .text              ro code   0x800'12a0     0x4  startup_stm32f407xx.o [1]
  .text              ro code   0x800'12a4     0x4  startup_stm32f407xx.o [1]
  .text              ro code   0x800'12a8     0x4  startup_stm32f407xx.o [1]
  .text              ro code   0x800'12ac     0x4  startup_stm32f407xx.o [1]
  .text              ro code   0x800'12b0     0x4  startup_stm32f407xx.o [1]
  .text              ro code   0x800'12b4     0x4  startup_stm32f407xx.o [1]
  .text              ro code   0x800'12b8     0x4  startup_stm32f407xx.o [1]
  .text              ro code   0x800'12bc     0x4  startup_stm32f407xx.o [1]
  .text              ro code   0x800'12c0     0x4  startup_stm32f407xx.o [1]
  .text              ro code   0x800'12c4     0x4  startup_stm32f407xx.o [1]
  .text              ro code   0x800'12c8     0x4  startup_stm32f407xx.o [1]
  .text              ro code   0x800'12cc     0x4  startup_stm32f407xx.o [1]
  .text              ro code   0x800'12d0     0x4  startup_stm32f407xx.o [1]
  .text              ro code   0x800'12d4     0x4  startup_stm32f407xx.o [1]
  .text              ro code   0x800'12d8     0x4  startup_stm32f407xx.o [1]
  .text              ro code   0x800'12dc     0x4  startup_stm32f407xx.o [1]
  .text              ro code   0x800'12e0     0x4  startup_stm32f407xx.o [1]
  .text              ro code   0x800'12e4     0x4  startup_stm32f407xx.o [1]
  .text              ro code   0x800'12e8     0x4  startup_stm32f407xx.o [1]
  .text              ro code   0x800'12ec     0x4  startup_stm32f407xx.o [1]
  .text              ro code   0x800'12f0     0x4  startup_stm32f407xx.o [1]
  .text              ro code   0x800'12f4     0x4  startup_stm32f407xx.o [1]
  .text              ro code   0x800'12f8     0x4  startup_stm32f407xx.o [1]
  .text              ro code   0x800'12fc     0x4  startup_stm32f407xx.o [1]
  .text              ro code   0x800'1300     0x4  startup_stm32f407xx.o [1]
  .text              ro code   0x800'1304     0x4  startup_stm32f407xx.o [1]
  .rodata            const     0x800'1308     0x0  packbits_init_single.o [4]
  Initializer bytes  const     0x800'1308    0x19  <for P2-1>
                             - 0x800'1321  0x1199

"P2", part 1 of 2:                           0x6c
  P2-1                        0x2000'0000    0x6c  <Init block>
    .data            inited   0x2000'0000    0x5c  main.o [1]
    .data            inited   0x2000'005c     0xc  stm32f4xx_hal.o [1]
    .data            inited   0x2000'0068     0x4  system_stm32f4xx.o [1]
                            - 0x2000'006c    0x6c

"P2", part 2 of 2:                          0x400
  CSTACK                      0x2000'0070   0x400  <Block>
    CSTACK           uninit   0x2000'0070   0x400  <Block tail>
                            - 0x2000'0470   0x400

Unused ranges:

         From           To      Size
         ----           --      ----
   0x800'1321   0x80f'ffff  0xf'ecdf
  0x2000'006c  0x2000'006f       0x4
  0x2000'0470  0x2001'ffff  0x1'fb90


*******************************************************************************
*** INIT TABLE
***

          Address      Size
          -------      ----
Copy/packbits (__iar_packbits_init_single3)
    1 source range, total size 0x19 (23% of destination):
           0x800'1308  0x19
    1 destination range, total size 0x6c:
          0x2000'0000  0x6c



*******************************************************************************
*** MODULE SUMMARY
***

    Module                  ro code  ro data  rw data
    ------                  -------  -------  -------
command line/config:
    -------------------------------------------------
    Total:

E:\CUBEMX\OBD-MODULE\RE-OBD-MODULE\EWARM\RE-OBD-MODULE\Obj: [1]
    main.o                      624       61       92
    startup_stm32f407xx.o       732
    stm32f4xx_hal.o             144        3       12
    stm32f4xx_hal_cortex.o      196
    stm32f4xx_hal_gpio.o        476
    stm32f4xx_hal_rcc.o       1'212
    stm32f4xx_hal_uart.o        712
    system_stm32f4xx.o           44        9        4
    -------------------------------------------------
    Total:                    4'140       73      108

dl7M_tlf.a: [2]
    exit.o                        4
    low_level_init.o              4
    -------------------------------------------------
    Total:                        8

m7M_tls.a: [3]
    fpinit_M.o                   34
    -------------------------------------------------
    Total:                       34

rt7M_tl.a: [4]
    ABImemclr.o                   6
    ABImemclr4.o                  6
    ABImemset.o                  94
    ABImemset48.o                50
    I64DivMod_small.o           262
    I64DivZer.o                   2
    cexit.o                      10
    cmain.o                      30
    cstartup_M.o                 12
    data_init.o                  40
    packbits_init_single.o       56
    strlen_small.o               20
    -------------------------------------------------
    Total:                      588

shb_l.a: [5]
    exit.o                       20
    -------------------------------------------------
    Total:                       20

    Gaps                         16        2
    Linker created                        16    1'024
-----------------------------------------------------
    Grand Total:              4'806       91    1'132


*******************************************************************************
*** ENTRY LIST
***

Entry                       Address   Size  Type      Object
-----                       -------   ----  ----      ------
.iar.init_table$$Base    0x800'1148          --   Gb  - Linker created -
.iar.init_table$$Limit   0x800'1158          --   Gb  - Linker created -
?main                    0x800'1159         Code  Gb  cmain.o [4]
AHBPrescTable            0x800'10c4   0x10  Data  Gb  system_stm32f4xx.o [1]
APBPrescTable            0x800'11bc    0x8  Data  Gb  system_stm32f4xx.o [1]
BusFault_Handler         0x800'09cf    0x2  Code  Gb  main.o [1]
CSTACK$$Base            0x2000'0070          --   Gb  - Linker created -
CSTACK$$Limit           0x2000'0470          --   Gb  - Linker created -
DebugMon_Handler         0x800'09d5    0x2  Code  Gb  main.o [1]
HAL_GPIO_Init            0x800'0ce1  0x1ae  Code  Gb  stm32f4xx_hal_gpio.o [1]
HAL_GetTick              0x800'0499    0xc  Code  Wk  stm32f4xx_hal.o [1]
HAL_IncTick              0x800'0f89   0x10  Code  Wk  stm32f4xx_hal.o [1]
HAL_Init                 0x800'0c91   0x30  Code  Gb  stm32f4xx_hal.o [1]
HAL_InitTick             0x800'0f99   0x40  Code  Wk  stm32f4xx_hal.o [1]
HAL_MspInit              0x800'08f9   0x34  Code  Gb  main.o [1]
HAL_NVIC_EnableIRQ       0x800'0f33   0x16  Code  Gb  stm32f4xx_hal_cortex.o [1]
HAL_NVIC_SetPriority     0x800'0ef9   0x3a  Code  Gb  stm32f4xx_hal_cortex.o [1]
HAL_NVIC_SetPriorityGrouping
                         0x800'0edf   0x1a  Code  Gb  stm32f4xx_hal_cortex.o [1]
HAL_RCC_ClockConfig      0x800'09dd  0x100  Code  Gb  stm32f4xx_hal_rcc.o [1]
HAL_RCC_GetPCLK1Freq     0x800'0ae9   0x10  Code  Gb  stm32f4xx_hal_rcc.o [1]
HAL_RCC_GetPCLK2Freq     0x800'0af9    0xe  Code  Gb  stm32f4xx_hal_rcc.o [1]
HAL_RCC_OscConfig        0x800'0189  0x310  Code  Wk  stm32f4xx_hal_rcc.o [1]
HAL_SYSTICK_Config       0x800'0f49   0x28  Code  Gb  stm32f4xx_hal_cortex.o [1]
HAL_UART_Init            0x800'04a5   0x1e  Code  Gb  stm32f4xx_hal_uart.o [1]
HAL_UART_MspInit         0x800'0935   0x6c  Code  Gb  main.o [1]
HAL_UART_Receive_IT      0x800'05cd   0x56  Code  Gb  stm32f4xx_hal_uart.o [1]
HAL_UART_Transmit        0x800'051b   0xaa  Code  Gb  stm32f4xx_hal_uart.o [1]
HardFault_Handler        0x800'09cb    0x2  Code  Gb  main.o [1]
MX_GPIO_Init             0x800'07d5   0x5c  Code  Gb  main.o [1]
MX_USART3_UART_Init      0x800'08cd   0x2c  Code  Gb  main.o [1]
MemManage_Handler        0x800'09cd    0x2  Code  Gb  main.o [1]
NMI_Handler              0x800'09c9    0x2  Code  Gb  main.o [1]
PendSV_Handler           0x800'09d7    0x2  Code  Gb  main.o [1]
RACE_REQINFO_OBD_var    0x2000'0005    0x1  Data  Gb  main.o [1]
RE_FAIL                 0x2000'0001    0x1  Data  Gb  main.o [1]
RE_OK                   0x2000'0000    0x1  Data  Gb  main.o [1]
Race_flag               0x2000'0018    0x2  Data  Gb  main.o [1]
Region$$Table$$Base      0x800'1148          --   Gb  - Linker created -
Region$$Table$$Limit     0x800'1158          --   Gb  - Linker created -
SVC_Handler              0x800'09d3    0x2  Code  Gb  main.o [1]
SysTick_Handler          0x800'09d9    0x4  Code  Gb  main.o [1]
SystemClock_Config       0x800'0831   0x94  Code  Gb  main.o [1]
SystemCoreClock         0x2000'0068    0x4  Data  Gb  system_stm32f4xx.o [1]
SystemInit               0x800'10a9   0x14  Code  Gb  system_stm32f4xx.o [1]
UART_SetConfig           0x800'0687   0xca  Code  Lc  stm32f4xx_hal_uart.o [1]
UART_WaitOnFlagUntilTimeout
                         0x800'0623   0x56  Code  Lc  stm32f4xx_hal_uart.o [1]
UsageFault_Handler       0x800'09d1    0x2  Code  Gb  main.o [1]
__NVIC_SetPriority       0x800'0ec5   0x1a  Code  Lc  stm32f4xx_hal_cortex.o [1]
__aeabi_ldiv0            0x800'0fd9         Code  Gb  I64DivZer.o [4]
__aeabi_memclr           0x800'0cd9         Code  Gb  ABImemclr.o [4]
__aeabi_memclr4          0x800'0ebd         Code  Gb  ABImemclr4.o [4]
__cmain                  0x800'1159         Code  Gb  cmain.o [4]
__exit                   0x800'118d   0x14  Code  Gb  exit.o [5]
__iar_Memset4_word       0x800'103d         Code  Gb  ABImemset48.o [4]
__iar_Memset8_word       0x800'103d         Code  Gb  ABImemset48.o [4]
__iar_Memset_word        0x800'0fdd         Code  Gb  ABImemset.o [4]
__iar_data_init3         0x800'10fd   0x28  Code  Gb  data_init.o [4]
__iar_init_vfp           0x800'1125         Code  Gb  fpinit_M.o [3]
__iar_packbits_init_single3
                         0x800'106f   0x38  Code  Gb  packbits_init_single.o [4]
__iar_program_start      0x800'11b1         Code  Gb  cstartup_M.o [4]
__iar_small_strlen       0x800'0cc5         Code  Gb  strlen_small.o [4]
__iar_small_uldivmod     0x800'0b89         Code  Gb  I64DivMod_small.o [4]
__low_level_init         0x800'1177    0x4  Code  Gb  low_level_init.o [2]
__vector_table           0x800'0000         Data  Gb  startup_stm32f407xx.o [1]
_call_main               0x800'1165         Code  Gb  cmain.o [4]
_exit                    0x800'1181         Code  Gb  cexit.o [4]
_main                    0x800'1173         Code  Gb  cmain.o [4]
check_flag              0x2000'0016    0x2  Data  Gb  main.o [1]
check_reception_var     0x2000'0004    0x1  Data  Gb  main.o [1]
count                   0x2000'0012    0x2  Data  Gb  main.o [1]
count1                  0x2000'0003    0x1  Data  Gb  main.o [1]
exit                     0x800'117b    0x4  Code  Gb  exit.o [2]
gear_maintained_max     0x2000'0011    0x1  Data  Gb  main.o [1]
gear_maintained_min     0x2000'000b    0x1  Data  Gb  main.o [1]
huart3                  0x2000'001c   0x40  Data  Gb  main.o [1]
main                     0x800'076d   0x36  Code  Gb  main.o [1]
phase_current_max       0x2000'000e    0x1  Data  Gb  main.o [1]
phase_current_min       0x2000'0008    0x1  Data  Gb  main.o [1]
re_transmit              0x800'07ad   0x26  Code  Gb  main.o [1]
receive_data            0x2000'0002    0x1  Data  Gb  main.o [1]
reception_complete_flag
                        0x2000'0014    0x2  Data  Gb  main.o [1]
rpm_max                 0x2000'000d    0x1  Data  Gb  main.o [1]
rpm_min                 0x2000'0007    0x1  Data  Gb  main.o [1]
speed_max               0x2000'0010    0x1  Data  Gb  main.o [1]
speed_min               0x2000'000a    0x1  Data  Gb  main.o [1]
torque_max              0x2000'000c    0x1  Data  Gb  main.o [1]
torque_min              0x2000'0006    0x1  Data  Gb  main.o [1]
uwTick                  0x2000'0060    0x4  Data  Gb  stm32f4xx_hal.o [1]
uwTickFreq              0x2000'005c    0x1  Data  Gb  stm32f4xx_hal.o [1]
uwTickPrio              0x2000'0064    0x4  Data  Gb  stm32f4xx_hal.o [1]
voltage_max             0x2000'000f    0x1  Data  Gb  main.o [1]
voltage_min             0x2000'0009    0x1  Data  Gb  main.o [1]


[1] = E:\CUBEMX\OBD-MODULE\RE-OBD-MODULE\EWARM\RE-OBD-MODULE\Obj
[2] = dl7M_tlf.a
[3] = m7M_tls.a
[4] = rt7M_tl.a
[5] = shb_l.a

  4'806 bytes of readonly  code memory
     91 bytes of readonly  data memory
  1'132 bytes of readwrite data memory

Errors: none
Warnings: none
